ERROR - 2026-05-11 07:22:53 --> Error connecting to the database: mysqli_sql_exception: No such file or directory in /home/itu/GitHub/Idfit/system/Database/MySQLi/Connection.php:201
Stack trace:
#0 /home/itu/GitHub/Idfit/system/Database/MySQLi/Connection.php(201): mysqli->real_connect()
#1 /home/itu/GitHub/Idfit/system/Database/BaseConnection.php(555): CodeIgniter\Database\MySQLi\Connection->connect()
#2 /home/itu/GitHub/Idfit/system/Database/BaseConnection.php(795): CodeIgniter\Database\BaseConnection->initialize()
#3 /home/itu/GitHub/Idfit/system/Database/BaseBuilder.php(1649): CodeIgniter\Database\BaseConnection->query()
#4 /home/itu/GitHub/Idfit/system/Model.php(295): CodeIgniter\Database\BaseBuilder->get()
#5 /home/itu/GitHub/Idfit/system/BaseModel.php(714): CodeIgniter\Model->doFirst()
#6 /home/itu/GitHub/Idfit/app/Controllers/Api/AuthController.php(59): CodeIgniter\BaseModel->first()
#7 /home/itu/GitHub/Idfit/system/CodeIgniter.php(951): App\Controllers\Api\AuthController->login()
#8 /home/itu/GitHub/Idfit/system/CodeIgniter.php(497): CodeIgniter\CodeIgniter->runController()
#9 /home/itu/GitHub/Idfit/system/CodeIgniter.php(340): CodeIgniter\CodeIgniter->handleRequest()
#10 /home/itu/GitHub/Idfit/system/Boot.php(417): CodeIgniter\CodeIgniter->run()
#11 /home/itu/GitHub/Idfit/system/Boot.php(68): CodeIgniter\Boot::runCodeIgniter()
#12 /home/itu/GitHub/Idfit/public/index.php(59): CodeIgniter\Boot::bootWeb()
#13 /home/itu/GitHub/Idfit/system/rewrite.php(44): require_once('...')
#14 {main}

Next CodeIgniter\Database\Exceptions\DatabaseException: No such file or directory in /home/itu/GitHub/Idfit/system/Database/MySQLi/Connection.php:231
Stack trace:
#0 /home/itu/GitHub/Idfit/system/Database/BaseConnection.php(555): CodeIgniter\Database\MySQLi\Connection->connect()
#1 /home/itu/GitHub/Idfit/system/Database/BaseConnection.php(795): CodeIgniter\Database\BaseConnection->initialize()
#2 /home/itu/GitHub/Idfit/system/Database/BaseBuilder.php(1649): CodeIgniter\Database\BaseConnection->query()
#3 /home/itu/GitHub/Idfit/system/Model.php(295): CodeIgniter\Database\BaseBuilder->get()
#4 /home/itu/GitHub/Idfit/system/BaseModel.php(714): CodeIgniter\Model->doFirst()
#5 /home/itu/GitHub/Idfit/app/Controllers/Api/AuthController.php(59): CodeIgniter\BaseModel->first()
#6 /home/itu/GitHub/Idfit/system/CodeIgniter.php(951): App\Controllers\Api\AuthController->login()
#7 /home/itu/GitHub/Idfit/system/CodeIgniter.php(497): CodeIgniter\CodeIgniter->runController()
#8 /home/itu/GitHub/Idfit/system/CodeIgniter.php(340): CodeIgniter\CodeIgniter->handleRequest()
#9 /home/itu/GitHub/Idfit/system/Boot.php(417): CodeIgniter\CodeIgniter->run()
#10 /home/itu/GitHub/Idfit/system/Boot.php(68): CodeIgniter\Boot::runCodeIgniter()
#11 /home/itu/GitHub/Idfit/public/index.php(59): CodeIgniter\Boot::bootWeb()
#12 /home/itu/GitHub/Idfit/system/rewrite.php(44): require_once('...')
#13 {main}
CRITICAL - 2026-05-11 07:22:53 --> CodeIgniter\Database\Exceptions\DatabaseException: Unable to connect to the database.
Main connection [MySQLi]: No such file or directory
[Method: POST, Route: api/login]
in SYSTEMPATH/Database/BaseConnection.php on line 606.
 1 SYSTEMPATH/Database/BaseConnection.php(795): CodeIgniter\Database\BaseConnection->initialize()
 2 SYSTEMPATH/Database/BaseBuilder.php(1649): CodeIgniter\Database\BaseConnection->query()
 3 SYSTEMPATH/Model.php(295): CodeIgniter\Database\BaseBuilder->get()
 4 SYSTEMPATH/BaseModel.php(714): CodeIgniter\Model->doFirst()
 5 APPPATH/Controllers/Api/AuthController.php(59): CodeIgniter\BaseModel->first()
 6 SYSTEMPATH/CodeIgniter.php(951): App\Controllers\Api\AuthController->login()
 7 SYSTEMPATH/CodeIgniter.php(497): CodeIgniter\CodeIgniter->runController()
 8 SYSTEMPATH/CodeIgniter.php(340): CodeIgniter\CodeIgniter->handleRequest()
 9 SYSTEMPATH/Boot.php(417): CodeIgniter\CodeIgniter->run()
10 SYSTEMPATH/Boot.php(68): CodeIgniter\Boot::runCodeIgniter()
11 FCPATH/index.php(59): CodeIgniter\Boot::bootWeb()
12 SYSTEMPATH/rewrite.php(44): require_once('/home/itu/GitHub/Idfit/public/index.php')
ERROR - 2026-05-11 07:23:43 --> Error connecting to the database: mysqli_sql_exception: No such file or directory in /home/itu/GitHub/Idfit/system/Database/MySQLi/Connection.php:201
Stack trace:
#0 /home/itu/GitHub/Idfit/system/Database/MySQLi/Connection.php(201): mysqli->real_connect()
#1 /home/itu/GitHub/Idfit/system/Database/BaseConnection.php(555): CodeIgniter\Database\MySQLi\Connection->connect()
#2 /home/itu/GitHub/Idfit/system/Database/BaseConnection.php(795): CodeIgniter\Database\BaseConnection->initialize()
#3 /home/itu/GitHub/Idfit/system/Database/BaseBuilder.php(1649): CodeIgniter\Database\BaseConnection->query()
#4 /home/itu/GitHub/Idfit/system/Model.php(295): CodeIgniter\Database\BaseBuilder->get()
#5 /home/itu/GitHub/Idfit/system/BaseModel.php(714): CodeIgniter\Model->doFirst()
#6 /home/itu/GitHub/Idfit/app/Controllers/Api/AuthController.php(59): CodeIgniter\BaseModel->first()
#7 /home/itu/GitHub/Idfit/system/CodeIgniter.php(951): App\Controllers\Api\AuthController->login()
#8 /home/itu/GitHub/Idfit/system/CodeIgniter.php(497): CodeIgniter\CodeIgniter->runController()
#9 /home/itu/GitHub/Idfit/system/CodeIgniter.php(340): CodeIgniter\CodeIgniter->handleRequest()
#10 /home/itu/GitHub/Idfit/system/Boot.php(417): CodeIgniter\CodeIgniter->run()
#11 /home/itu/GitHub/Idfit/system/Boot.php(68): CodeIgniter\Boot::runCodeIgniter()
#12 /home/itu/GitHub/Idfit/public/index.php(59): CodeIgniter\Boot::bootWeb()
#13 /home/itu/GitHub/Idfit/system/rewrite.php(44): require_once('...')
#14 {main}

Next CodeIgniter\Database\Exceptions\DatabaseException: No such file or directory in /home/itu/GitHub/Idfit/system/Database/MySQLi/Connection.php:231
Stack trace:
#0 /home/itu/GitHub/Idfit/system/Database/BaseConnection.php(555): CodeIgniter\Database\MySQLi\Connection->connect()
#1 /home/itu/GitHub/Idfit/system/Database/BaseConnection.php(795): CodeIgniter\Database\BaseConnection->initialize()
#2 /home/itu/GitHub/Idfit/system/Database/BaseBuilder.php(1649): CodeIgniter\Database\BaseConnection->query()
#3 /home/itu/GitHub/Idfit/system/Model.php(295): CodeIgniter\Database\BaseBuilder->get()
#4 /home/itu/GitHub/Idfit/system/BaseModel.php(714): CodeIgniter\Model->doFirst()
#5 /home/itu/GitHub/Idfit/app/Controllers/Api/AuthController.php(59): CodeIgniter\BaseModel->first()
#6 /home/itu/GitHub/Idfit/system/CodeIgniter.php(951): App\Controllers\Api\AuthController->login()
#7 /home/itu/GitHub/Idfit/system/CodeIgniter.php(497): CodeIgniter\CodeIgniter->runController()
#8 /home/itu/GitHub/Idfit/system/CodeIgniter.php(340): CodeIgniter\CodeIgniter->handleRequest()
#9 /home/itu/GitHub/Idfit/system/Boot.php(417): CodeIgniter\CodeIgniter->run()
#10 /home/itu/GitHub/Idfit/system/Boot.php(68): CodeIgniter\Boot::runCodeIgniter()
#11 /home/itu/GitHub/Idfit/public/index.php(59): CodeIgniter\Boot::bootWeb()
#12 /home/itu/GitHub/Idfit/system/rewrite.php(44): require_once('...')
#13 {main}
CRITICAL - 2026-05-11 07:23:43 --> CodeIgniter\Database\Exceptions\DatabaseException: Unable to connect to the database.
Main connection [MySQLi]: No such file or directory
[Method: POST, Route: api/login]
in SYSTEMPATH/Database/BaseConnection.php on line 606.
 1 SYSTEMPATH/Database/BaseConnection.php(795): CodeIgniter\Database\BaseConnection->initialize()
 2 SYSTEMPATH/Database/BaseBuilder.php(1649): CodeIgniter\Database\BaseConnection->query()
 3 SYSTEMPATH/Model.php(295): CodeIgniter\Database\BaseBuilder->get()
 4 SYSTEMPATH/BaseModel.php(714): CodeIgniter\Model->doFirst()
 5 APPPATH/Controllers/Api/AuthController.php(59): CodeIgniter\BaseModel->first()
 6 SYSTEMPATH/CodeIgniter.php(951): App\Controllers\Api\AuthController->login()
 7 SYSTEMPATH/CodeIgniter.php(497): CodeIgniter\CodeIgniter->runController()
 8 SYSTEMPATH/CodeIgniter.php(340): CodeIgniter\CodeIgniter->handleRequest()
 9 SYSTEMPATH/Boot.php(417): CodeIgniter\CodeIgniter->run()
10 SYSTEMPATH/Boot.php(68): CodeIgniter\Boot::runCodeIgniter()
11 FCPATH/index.php(59): CodeIgniter\Boot::bootWeb()
12 SYSTEMPATH/rewrite.php(44): require_once('/home/itu/GitHub/Idfit/public/index.php')
ERROR - 2026-05-11 07:24:40 --> Error connecting to the database: mysqli_sql_exception: No such file or directory in /home/itu/GitHub/Idfit/system/Database/MySQLi/Connection.php:201
Stack trace:
#0 /home/itu/GitHub/Idfit/system/Database/MySQLi/Connection.php(201): mysqli->real_connect()
#1 /home/itu/GitHub/Idfit/system/Database/BaseConnection.php(555): CodeIgniter\Database\MySQLi\Connection->connect()
#2 /home/itu/GitHub/Idfit/system/Database/BaseConnection.php(795): CodeIgniter\Database\BaseConnection->initialize()
#3 /home/itu/GitHub/Idfit/system/Database/BaseBuilder.php(1649): CodeIgniter\Database\BaseConnection->query()
#4 /home/itu/GitHub/Idfit/system/Model.php(295): CodeIgniter\Database\BaseBuilder->get()
#5 /home/itu/GitHub/Idfit/system/BaseModel.php(714): CodeIgniter\Model->doFirst()
#6 /home/itu/GitHub/Idfit/app/Controllers/Api/AuthController.php(59): CodeIgniter\BaseModel->first()
#7 /home/itu/GitHub/Idfit/system/CodeIgniter.php(951): App\Controllers\Api\AuthController->login()
#8 /home/itu/GitHub/Idfit/system/CodeIgniter.php(497): CodeIgniter\CodeIgniter->runController()
#9 /home/itu/GitHub/Idfit/system/CodeIgniter.php(340): CodeIgniter\CodeIgniter->handleRequest()
#10 /home/itu/GitHub/Idfit/system/Boot.php(417): CodeIgniter\CodeIgniter->run()
#11 /home/itu/GitHub/Idfit/system/Boot.php(68): CodeIgniter\Boot::runCodeIgniter()
#12 /home/itu/GitHub/Idfit/public/index.php(59): CodeIgniter\Boot::bootWeb()
#13 /home/itu/GitHub/Idfit/system/rewrite.php(44): require_once('...')
#14 {main}

Next CodeIgniter\Database\Exceptions\DatabaseException: No such file or directory in /home/itu/GitHub/Idfit/system/Database/MySQLi/Connection.php:231
Stack trace:
#0 /home/itu/GitHub/Idfit/system/Database/BaseConnection.php(555): CodeIgniter\Database\MySQLi\Connection->connect()
#1 /home/itu/GitHub/Idfit/system/Database/BaseConnection.php(795): CodeIgniter\Database\BaseConnection->initialize()
#2 /home/itu/GitHub/Idfit/system/Database/BaseBuilder.php(1649): CodeIgniter\Database\BaseConnection->query()
#3 /home/itu/GitHub/Idfit/system/Model.php(295): CodeIgniter\Database\BaseBuilder->get()
#4 /home/itu/GitHub/Idfit/system/BaseModel.php(714): CodeIgniter\Model->doFirst()
#5 /home/itu/GitHub/Idfit/app/Controllers/Api/AuthController.php(59): CodeIgniter\BaseModel->first()
#6 /home/itu/GitHub/Idfit/system/CodeIgniter.php(951): App\Controllers\Api\AuthController->login()
#7 /home/itu/GitHub/Idfit/system/CodeIgniter.php(497): CodeIgniter\CodeIgniter->runController()
#8 /home/itu/GitHub/Idfit/system/CodeIgniter.php(340): CodeIgniter\CodeIgniter->handleRequest()
#9 /home/itu/GitHub/Idfit/system/Boot.php(417): CodeIgniter\CodeIgniter->run()
#10 /home/itu/GitHub/Idfit/system/Boot.php(68): CodeIgniter\Boot::runCodeIgniter()
#11 /home/itu/GitHub/Idfit/public/index.php(59): CodeIgniter\Boot::bootWeb()
#12 /home/itu/GitHub/Idfit/system/rewrite.php(44): require_once('...')
#13 {main}
CRITICAL - 2026-05-11 07:24:40 --> CodeIgniter\Database\Exceptions\DatabaseException: Unable to connect to the database.
Main connection [MySQLi]: No such file or directory
[Method: POST, Route: api/login]
in SYSTEMPATH/Database/BaseConnection.php on line 606.
 1 SYSTEMPATH/Database/BaseConnection.php(795): CodeIgniter\Database\BaseConnection->initialize()
 2 SYSTEMPATH/Database/BaseBuilder.php(1649): CodeIgniter\Database\BaseConnection->query()
 3 SYSTEMPATH/Model.php(295): CodeIgniter\Database\BaseBuilder->get()
 4 SYSTEMPATH/BaseModel.php(714): CodeIgniter\Model->doFirst()
 5 APPPATH/Controllers/Api/AuthController.php(59): CodeIgniter\BaseModel->first()
 6 SYSTEMPATH/CodeIgniter.php(951): App\Controllers\Api\AuthController->login()
 7 SYSTEMPATH/CodeIgniter.php(497): CodeIgniter\CodeIgniter->runController()
 8 SYSTEMPATH/CodeIgniter.php(340): CodeIgniter\CodeIgniter->handleRequest()
 9 SYSTEMPATH/Boot.php(417): CodeIgniter\CodeIgniter->run()
10 SYSTEMPATH/Boot.php(68): CodeIgniter\Boot::runCodeIgniter()
11 FCPATH/index.php(59): CodeIgniter\Boot::bootWeb()
12 SYSTEMPATH/rewrite.php(44): require_once('/home/itu/GitHub/Idfit/public/index.php')
ERROR - 2026-05-11 07:27:24 --> Error connecting to the database: mysqli_sql_exception: No such file or directory in /home/itu/GitHub/Idfit/system/Database/MySQLi/Connection.php:201
Stack trace:
#0 /home/itu/GitHub/Idfit/system/Database/MySQLi/Connection.php(201): mysqli->real_connect()
#1 /home/itu/GitHub/Idfit/system/Database/BaseConnection.php(555): CodeIgniter\Database\MySQLi\Connection->connect()
#2 /home/itu/GitHub/Idfit/system/Database/BaseConnection.php(795): CodeIgniter\Database\BaseConnection->initialize()
#3 /home/itu/GitHub/Idfit/system/Database/BaseBuilder.php(1649): CodeIgniter\Database\BaseConnection->query()
#4 /home/itu/GitHub/Idfit/system/Model.php(295): CodeIgniter\Database\BaseBuilder->get()
#5 /home/itu/GitHub/Idfit/system/BaseModel.php(714): CodeIgniter\Model->doFirst()
#6 /home/itu/GitHub/Idfit/app/Controllers/Api/AuthController.php(59): CodeIgniter\BaseModel->first()
#7 /home/itu/GitHub/Idfit/system/CodeIgniter.php(951): App\Controllers\Api\AuthController->login()
#8 /home/itu/GitHub/Idfit/system/CodeIgniter.php(497): CodeIgniter\CodeIgniter->runController()
#9 /home/itu/GitHub/Idfit/system/CodeIgniter.php(340): CodeIgniter\CodeIgniter->handleRequest()
#10 /home/itu/GitHub/Idfit/system/Boot.php(417): CodeIgniter\CodeIgniter->run()
#11 /home/itu/GitHub/Idfit/system/Boot.php(68): CodeIgniter\Boot::runCodeIgniter()
#12 /home/itu/GitHub/Idfit/public/index.php(59): CodeIgniter\Boot::bootWeb()
#13 /home/itu/GitHub/Idfit/system/rewrite.php(44): require_once('...')
#14 {main}

Next CodeIgniter\Database\Exceptions\DatabaseException: No such file or directory in /home/itu/GitHub/Idfit/system/Database/MySQLi/Connection.php:231
Stack trace:
#0 /home/itu/GitHub/Idfit/system/Database/BaseConnection.php(555): CodeIgniter\Database\MySQLi\Connection->connect()
#1 /home/itu/GitHub/Idfit/system/Database/BaseConnection.php(795): CodeIgniter\Database\BaseConnection->initialize()
#2 /home/itu/GitHub/Idfit/system/Database/BaseBuilder.php(1649): CodeIgniter\Database\BaseConnection->query()
#3 /home/itu/GitHub/Idfit/system/Model.php(295): CodeIgniter\Database\BaseBuilder->get()
#4 /home/itu/GitHub/Idfit/system/BaseModel.php(714): CodeIgniter\Model->doFirst()
#5 /home/itu/GitHub/Idfit/app/Controllers/Api/AuthController.php(59): CodeIgniter\BaseModel->first()
#6 /home/itu/GitHub/Idfit/system/CodeIgniter.php(951): App\Controllers\Api\AuthController->login()
#7 /home/itu/GitHub/Idfit/system/CodeIgniter.php(497): CodeIgniter\CodeIgniter->runController()
#8 /home/itu/GitHub/Idfit/system/CodeIgniter.php(340): CodeIgniter\CodeIgniter->handleRequest()
#9 /home/itu/GitHub/Idfit/system/Boot.php(417): CodeIgniter\CodeIgniter->run()
#10 /home/itu/GitHub/Idfit/system/Boot.php(68): CodeIgniter\Boot::runCodeIgniter()
#11 /home/itu/GitHub/Idfit/public/index.php(59): CodeIgniter\Boot::bootWeb()
#12 /home/itu/GitHub/Idfit/system/rewrite.php(44): require_once('...')
#13 {main}
CRITICAL - 2026-05-11 07:27:24 --> CodeIgniter\Database\Exceptions\DatabaseException: Unable to connect to the database.
Main connection [MySQLi]: No such file or directory
[Method: POST, Route: api/login]
in SYSTEMPATH/Database/BaseConnection.php on line 606.
 1 SYSTEMPATH/Database/BaseConnection.php(795): CodeIgniter\Database\BaseConnection->initialize()
 2 SYSTEMPATH/Database/BaseBuilder.php(1649): CodeIgniter\Database\BaseConnection->query()
 3 SYSTEMPATH/Model.php(295): CodeIgniter\Database\BaseBuilder->get()
 4 SYSTEMPATH/BaseModel.php(714): CodeIgniter\Model->doFirst()
 5 APPPATH/Controllers/Api/AuthController.php(59): CodeIgniter\BaseModel->first()
 6 SYSTEMPATH/CodeIgniter.php(951): App\Controllers\Api\AuthController->login()
 7 SYSTEMPATH/CodeIgniter.php(497): CodeIgniter\CodeIgniter->runController()
 8 SYSTEMPATH/CodeIgniter.php(340): CodeIgniter\CodeIgniter->handleRequest()
 9 SYSTEMPATH/Boot.php(417): CodeIgniter\CodeIgniter->run()
10 SYSTEMPATH/Boot.php(68): CodeIgniter\Boot::runCodeIgniter()
11 FCPATH/index.php(59): CodeIgniter\Boot::bootWeb()
12 SYSTEMPATH/rewrite.php(44): require_once('/home/itu/GitHub/Idfit/public/index.php')
ERROR - 2026-05-11 07:27:48 --> Error connecting to the database: mysqli_sql_exception: No such file or directory in /home/itu/GitHub/Idfit/system/Database/MySQLi/Connection.php:201
Stack trace:
#0 /home/itu/GitHub/Idfit/system/Database/MySQLi/Connection.php(201): mysqli->real_connect()
#1 /home/itu/GitHub/Idfit/system/Database/BaseConnection.php(555): CodeIgniter\Database\MySQLi\Connection->connect()
#2 /home/itu/GitHub/Idfit/system/Database/BaseConnection.php(795): CodeIgniter\Database\BaseConnection->initialize()
#3 /home/itu/GitHub/Idfit/system/Database/BaseBuilder.php(1649): CodeIgniter\Database\BaseConnection->query()
#4 /home/itu/GitHub/Idfit/system/Model.php(295): CodeIgniter\Database\BaseBuilder->get()
#5 /home/itu/GitHub/Idfit/system/BaseModel.php(714): CodeIgniter\Model->doFirst()
#6 /home/itu/GitHub/Idfit/app/Controllers/Api/AuthController.php(59): CodeIgniter\BaseModel->first()
#7 /home/itu/GitHub/Idfit/system/CodeIgniter.php(951): App\Controllers\Api\AuthController->login()
#8 /home/itu/GitHub/Idfit/system/CodeIgniter.php(497): CodeIgniter\CodeIgniter->runController()
#9 /home/itu/GitHub/Idfit/system/CodeIgniter.php(340): CodeIgniter\CodeIgniter->handleRequest()
#10 /home/itu/GitHub/Idfit/system/Boot.php(417): CodeIgniter\CodeIgniter->run()
#11 /home/itu/GitHub/Idfit/system/Boot.php(68): CodeIgniter\Boot::runCodeIgniter()
#12 /home/itu/GitHub/Idfit/public/index.php(59): CodeIgniter\Boot::bootWeb()
#13 /home/itu/GitHub/Idfit/system/rewrite.php(44): require_once('...')
#14 {main}

Next CodeIgniter\Database\Exceptions\DatabaseException: No such file or directory in /home/itu/GitHub/Idfit/system/Database/MySQLi/Connection.php:231
Stack trace:
#0 /home/itu/GitHub/Idfit/system/Database/BaseConnection.php(555): CodeIgniter\Database\MySQLi\Connection->connect()
#1 /home/itu/GitHub/Idfit/system/Database/BaseConnection.php(795): CodeIgniter\Database\BaseConnection->initialize()
#2 /home/itu/GitHub/Idfit/system/Database/BaseBuilder.php(1649): CodeIgniter\Database\BaseConnection->query()
#3 /home/itu/GitHub/Idfit/system/Model.php(295): CodeIgniter\Database\BaseBuilder->get()
#4 /home/itu/GitHub/Idfit/system/BaseModel.php(714): CodeIgniter\Model->doFirst()
#5 /home/itu/GitHub/Idfit/app/Controllers/Api/AuthController.php(59): CodeIgniter\BaseModel->first()
#6 /home/itu/GitHub/Idfit/system/CodeIgniter.php(951): App\Controllers\Api\AuthController->login()
#7 /home/itu/GitHub/Idfit/system/CodeIgniter.php(497): CodeIgniter\CodeIgniter->runController()
#8 /home/itu/GitHub/Idfit/system/CodeIgniter.php(340): CodeIgniter\CodeIgniter->handleRequest()
#9 /home/itu/GitHub/Idfit/system/Boot.php(417): CodeIgniter\CodeIgniter->run()
#10 /home/itu/GitHub/Idfit/system/Boot.php(68): CodeIgniter\Boot::runCodeIgniter()
#11 /home/itu/GitHub/Idfit/public/index.php(59): CodeIgniter\Boot::bootWeb()
#12 /home/itu/GitHub/Idfit/system/rewrite.php(44): require_once('...')
#13 {main}
CRITICAL - 2026-05-11 07:27:48 --> CodeIgniter\Database\Exceptions\DatabaseException: Unable to connect to the database.
Main connection [MySQLi]: No such file or directory
[Method: POST, Route: api/login]
in SYSTEMPATH/Database/BaseConnection.php on line 606.
 1 SYSTEMPATH/Database/BaseConnection.php(795): CodeIgniter\Database\BaseConnection->initialize()
 2 SYSTEMPATH/Database/BaseBuilder.php(1649): CodeIgniter\Database\BaseConnection->query()
 3 SYSTEMPATH/Model.php(295): CodeIgniter\Database\BaseBuilder->get()
 4 SYSTEMPATH/BaseModel.php(714): CodeIgniter\Model->doFirst()
 5 APPPATH/Controllers/Api/AuthController.php(59): CodeIgniter\BaseModel->first()
 6 SYSTEMPATH/CodeIgniter.php(951): App\Controllers\Api\AuthController->login()
 7 SYSTEMPATH/CodeIgniter.php(497): CodeIgniter\CodeIgniter->runController()
 8 SYSTEMPATH/CodeIgniter.php(340): CodeIgniter\CodeIgniter->handleRequest()
 9 SYSTEMPATH/Boot.php(417): CodeIgniter\CodeIgniter->run()
10 SYSTEMPATH/Boot.php(68): CodeIgniter\Boot::runCodeIgniter()
11 FCPATH/index.php(59): CodeIgniter\Boot::bootWeb()
12 SYSTEMPATH/rewrite.php(44): require_once('/home/itu/GitHub/Idfit/public/index.php')
ERROR - 2026-05-11 07:28:49 --> Error connecting to the database: mysqli_sql_exception: No such file or directory in /home/itu/GitHub/Idfit/system/Database/MySQLi/Connection.php:201
Stack trace:
#0 /home/itu/GitHub/Idfit/system/Database/MySQLi/Connection.php(201): mysqli->real_connect()
#1 /home/itu/GitHub/Idfit/system/Database/BaseConnection.php(555): CodeIgniter\Database\MySQLi\Connection->connect()
#2 /home/itu/GitHub/Idfit/system/Database/BaseConnection.php(795): CodeIgniter\Database\BaseConnection->initialize()
#3 /home/itu/GitHub/Idfit/system/Database/BaseBuilder.php(1649): CodeIgniter\Database\BaseConnection->query()
#4 /home/itu/GitHub/Idfit/system/Model.php(295): CodeIgniter\Database\BaseBuilder->get()
#5 /home/itu/GitHub/Idfit/system/BaseModel.php(714): CodeIgniter\Model->doFirst()
#6 /home/itu/GitHub/Idfit/app/Controllers/Api/AuthController.php(59): CodeIgniter\BaseModel->first()
#7 /home/itu/GitHub/Idfit/system/CodeIgniter.php(951): App\Controllers\Api\AuthController->login()
#8 /home/itu/GitHub/Idfit/system/CodeIgniter.php(497): CodeIgniter\CodeIgniter->runController()
#9 /home/itu/GitHub/Idfit/system/CodeIgniter.php(340): CodeIgniter\CodeIgniter->handleRequest()
#10 /home/itu/GitHub/Idfit/system/Boot.php(417): CodeIgniter\CodeIgniter->run()
#11 /home/itu/GitHub/Idfit/system/Boot.php(68): CodeIgniter\Boot::runCodeIgniter()
#12 /home/itu/GitHub/Idfit/public/index.php(59): CodeIgniter\Boot::bootWeb()
#13 /home/itu/GitHub/Idfit/system/rewrite.php(44): require_once('...')
#14 {main}

Next CodeIgniter\Database\Exceptions\DatabaseException: No such file or directory in /home/itu/GitHub/Idfit/system/Database/MySQLi/Connection.php:231
Stack trace:
#0 /home/itu/GitHub/Idfit/system/Database/BaseConnection.php(555): CodeIgniter\Database\MySQLi\Connection->connect()
#1 /home/itu/GitHub/Idfit/system/Database/BaseConnection.php(795): CodeIgniter\Database\BaseConnection->initialize()
#2 /home/itu/GitHub/Idfit/system/Database/BaseBuilder.php(1649): CodeIgniter\Database\BaseConnection->query()
#3 /home/itu/GitHub/Idfit/system/Model.php(295): CodeIgniter\Database\BaseBuilder->get()
#4 /home/itu/GitHub/Idfit/system/BaseModel.php(714): CodeIgniter\Model->doFirst()
#5 /home/itu/GitHub/Idfit/app/Controllers/Api/AuthController.php(59): CodeIgniter\BaseModel->first()
#6 /home/itu/GitHub/Idfit/system/CodeIgniter.php(951): App\Controllers\Api\AuthController->login()
#7 /home/itu/GitHub/Idfit/system/CodeIgniter.php(497): CodeIgniter\CodeIgniter->runController()
#8 /home/itu/GitHub/Idfit/system/CodeIgniter.php(340): CodeIgniter\CodeIgniter->handleRequest()
#9 /home/itu/GitHub/Idfit/system/Boot.php(417): CodeIgniter\CodeIgniter->run()
#10 /home/itu/GitHub/Idfit/system/Boot.php(68): CodeIgniter\Boot::runCodeIgniter()
#11 /home/itu/GitHub/Idfit/public/index.php(59): CodeIgniter\Boot::bootWeb()
#12 /home/itu/GitHub/Idfit/system/rewrite.php(44): require_once('...')
#13 {main}
CRITICAL - 2026-05-11 07:28:49 --> CodeIgniter\Database\Exceptions\DatabaseException: Unable to connect to the database.
Main connection [MySQLi]: No such file or directory
[Method: POST, Route: api/login]
in SYSTEMPATH/Database/BaseConnection.php on line 606.
 1 SYSTEMPATH/Database/BaseConnection.php(795): CodeIgniter\Database\BaseConnection->initialize()
 2 SYSTEMPATH/Database/BaseBuilder.php(1649): CodeIgniter\Database\BaseConnection->query()
 3 SYSTEMPATH/Model.php(295): CodeIgniter\Database\BaseBuilder->get()
 4 SYSTEMPATH/BaseModel.php(714): CodeIgniter\Model->doFirst()
 5 APPPATH/Controllers/Api/AuthController.php(59): CodeIgniter\BaseModel->first()
 6 SYSTEMPATH/CodeIgniter.php(951): App\Controllers\Api\AuthController->login()
 7 SYSTEMPATH/CodeIgniter.php(497): CodeIgniter\CodeIgniter->runController()
 8 SYSTEMPATH/CodeIgniter.php(340): CodeIgniter\CodeIgniter->handleRequest()
 9 SYSTEMPATH/Boot.php(417): CodeIgniter\CodeIgniter->run()
10 SYSTEMPATH/Boot.php(68): CodeIgniter\Boot::runCodeIgniter()
11 FCPATH/index.php(59): CodeIgniter\Boot::bootWeb()
12 SYSTEMPATH/rewrite.php(44): require_once('/home/itu/GitHub/Idfit/public/index.php')
ERROR - 2026-05-11 07:29:01 --> Error connecting to the database: mysqli_sql_exception: No such file or directory in /home/itu/GitHub/Idfit/system/Database/MySQLi/Connection.php:201
Stack trace:
#0 /home/itu/GitHub/Idfit/system/Database/MySQLi/Connection.php(201): mysqli->real_connect()
#1 /home/itu/GitHub/Idfit/system/Database/BaseConnection.php(555): CodeIgniter\Database\MySQLi\Connection->connect()
#2 /home/itu/GitHub/Idfit/system/Database/BaseConnection.php(795): CodeIgniter\Database\BaseConnection->initialize()
#3 /home/itu/GitHub/Idfit/system/Database/BaseBuilder.php(1649): CodeIgniter\Database\BaseConnection->query()
#4 /home/itu/GitHub/Idfit/system/Model.php(295): CodeIgniter\Database\BaseBuilder->get()
#5 /home/itu/GitHub/Idfit/system/BaseModel.php(714): CodeIgniter\Model->doFirst()
#6 /home/itu/GitHub/Idfit/app/Controllers/Api/AuthController.php(59): CodeIgniter\BaseModel->first()
#7 /home/itu/GitHub/Idfit/system/CodeIgniter.php(951): App\Controllers\Api\AuthController->login()
#8 /home/itu/GitHub/Idfit/system/CodeIgniter.php(497): CodeIgniter\CodeIgniter->runController()
#9 /home/itu/GitHub/Idfit/system/CodeIgniter.php(340): CodeIgniter\CodeIgniter->handleRequest()
#10 /home/itu/GitHub/Idfit/system/Boot.php(417): CodeIgniter\CodeIgniter->run()
#11 /home/itu/GitHub/Idfit/system/Boot.php(68): CodeIgniter\Boot::runCodeIgniter()
#12 /home/itu/GitHub/Idfit/public/index.php(59): CodeIgniter\Boot::bootWeb()
#13 /home/itu/GitHub/Idfit/system/rewrite.php(44): require_once('...')
#14 {main}

Next CodeIgniter\Database\Exceptions\DatabaseException: No such file or directory in /home/itu/GitHub/Idfit/system/Database/MySQLi/Connection.php:231
Stack trace:
#0 /home/itu/GitHub/Idfit/system/Database/BaseConnection.php(555): CodeIgniter\Database\MySQLi\Connection->connect()
#1 /home/itu/GitHub/Idfit/system/Database/BaseConnection.php(795): CodeIgniter\Database\BaseConnection->initialize()
#2 /home/itu/GitHub/Idfit/system/Database/BaseBuilder.php(1649): CodeIgniter\Database\BaseConnection->query()
#3 /home/itu/GitHub/Idfit/system/Model.php(295): CodeIgniter\Database\BaseBuilder->get()
#4 /home/itu/GitHub/Idfit/system/BaseModel.php(714): CodeIgniter\Model->doFirst()
#5 /home/itu/GitHub/Idfit/app/Controllers/Api/AuthController.php(59): CodeIgniter\BaseModel->first()
#6 /home/itu/GitHub/Idfit/system/CodeIgniter.php(951): App\Controllers\Api\AuthController->login()
#7 /home/itu/GitHub/Idfit/system/CodeIgniter.php(497): CodeIgniter\CodeIgniter->runController()
#8 /home/itu/GitHub/Idfit/system/CodeIgniter.php(340): CodeIgniter\CodeIgniter->handleRequest()
#9 /home/itu/GitHub/Idfit/system/Boot.php(417): CodeIgniter\CodeIgniter->run()
#10 /home/itu/GitHub/Idfit/system/Boot.php(68): CodeIgniter\Boot::runCodeIgniter()
#11 /home/itu/GitHub/Idfit/public/index.php(59): CodeIgniter\Boot::bootWeb()
#12 /home/itu/GitHub/Idfit/system/rewrite.php(44): require_once('...')
#13 {main}
CRITICAL - 2026-05-11 07:29:01 --> CodeIgniter\Database\Exceptions\DatabaseException: Unable to connect to the database.
Main connection [MySQLi]: No such file or directory
[Method: POST, Route: api/login]
in SYSTEMPATH/Database/BaseConnection.php on line 606.
 1 SYSTEMPATH/Database/BaseConnection.php(795): CodeIgniter\Database\BaseConnection->initialize()
 2 SYSTEMPATH/Database/BaseBuilder.php(1649): CodeIgniter\Database\BaseConnection->query()
 3 SYSTEMPATH/Model.php(295): CodeIgniter\Database\BaseBuilder->get()
 4 SYSTEMPATH/BaseModel.php(714): CodeIgniter\Model->doFirst()
 5 APPPATH/Controllers/Api/AuthController.php(59): CodeIgniter\BaseModel->first()
 6 SYSTEMPATH/CodeIgniter.php(951): App\Controllers\Api\AuthController->login()
 7 SYSTEMPATH/CodeIgniter.php(497): CodeIgniter\CodeIgniter->runController()
 8 SYSTEMPATH/CodeIgniter.php(340): CodeIgniter\CodeIgniter->handleRequest()
 9 SYSTEMPATH/Boot.php(417): CodeIgniter\CodeIgniter->run()
10 SYSTEMPATH/Boot.php(68): CodeIgniter\Boot::runCodeIgniter()
11 FCPATH/index.php(59): CodeIgniter\Boot::bootWeb()
12 SYSTEMPATH/rewrite.php(44): require_once('/home/itu/GitHub/Idfit/public/index.php')
DEBUG - 2026-05-11 07:31:23 --> Session: Class initialized using 'CodeIgniter\Session\Handlers\FileHandler' driver.
DEBUG - 2026-05-11 07:31:23 --> Session: Class initialized using 'CodeIgniter\Session\Handlers\FileHandler' driver.
DEBUG - 2026-05-11 07:31:33 --> Session: Class initialized using 'CodeIgniter\Session\Handlers\FileHandler' driver.
DEBUG - 2026-05-11 07:31:47 --> Session: Class initialized using 'CodeIgniter\Session\Handlers\FileHandler' driver.
DEBUG - 2026-05-11 07:31:52 --> Session: Class initialized using 'CodeIgniter\Session\Handlers\FileHandler' driver.
DEBUG - 2026-05-11 07:31:53 --> Session: Class initialized using 'CodeIgniter\Session\Handlers\FileHandler' driver.
DEBUG - 2026-05-11 07:31:54 --> Session: Class initialized using 'CodeIgniter\Session\Handlers\FileHandler' driver.
DEBUG - 2026-05-11 07:31:54 --> Session: Class initialized using 'CodeIgniter\Session\Handlers\FileHandler' driver.
DEBUG - 2026-05-11 07:31:55 --> Session: Class initialized using 'CodeIgniter\Session\Handlers\FileHandler' driver.
DEBUG - 2026-05-11 07:31:55 --> Session: Class initialized using 'CodeIgniter\Session\Handlers\FileHandler' driver.
